#-----------------------------------------------------------
# PlanAhead v14.7
# Build 321239 by xbuild on Fri Sep 27 19:31:35 MDT 2013
# Start of session at: Thu Nov 29 13:23:12 2018
# Process ID: 3944
# Log file: D:/XilinxNotVM/Project/labtest0/planAhead_run_2/planAhead.log
# Journal file: D:/XilinxNotVM/Project/labtest0/planAhead_run_2/planAhead.jou
#-----------------------------------------------------------
start_gui
source D:/XilinxNotVM/Project/labtest0/pa.fromHdl.tcl
update_compile_order -fileset sim_1
set_property package_pin "" [get_ports [list  XLXN_2]]
set_property package_pin "" [get_ports [list  XLXN_1]]
set_property package_pin "" [get_ports [list  XLXN_2]]
startgroup
set_property package_pin P66 [get_ports XLXN_1]
endgroup
startgroup
set_property package_pin P62 [get_ports XLXN_2]
endgroup
startgroup
set_property package_pin P61 [get_ports XLXN_3]
endgroup
startgroup
set_property package_pin P59 [get_ports XLXN_4]
endgroup
startgroup
set_property package_pin P58 [get_ports XLXN_5]
endgroup
startgroup
set_property package_pin P57 [get_ports XLXN_6]
endgroup
startgroup
set_property package_pin P56 [get_ports XLXN_7]
endgroup
startgroup
set_property package_pin P55 [get_ports XLXN_43]
endgroup
set_property package_pin "" [get_ports [list  XLXN_11]]
set_property package_pin "" [get_ports [list  XLXN_12]]
set_property package_pin "" [get_ports [list  XLXN_11]]
set_property package_pin "" [get_ports [list  XLXN_15]]
startgroup
set_property package_pin P82 [get_ports XLXN_11]
endgroup
startgroup
set_property package_pin P81 [get_ports XLXN_12]
endgroup
startgroup
set_property package_pin P80 [get_ports XLXN_15]
endgroup
startgroup
set_property package_pin P79 [get_ports XLXN_16]
endgroup
startgroup
set_property package_pin P78 [get_ports XLXN_17]
endgroup
startgroup
set_property package_pin P75 [get_ports XLXN_18]
endgroup
startgroup
set_property package_pin P74 [get_ports XLXN_19]
endgroup
set_property package_pin "" [get_ports [list  XLXN_38]]
set_property package_pin "" [get_ports [list  XLXN_36]]
startgroup
set_property package_pin P67 [get_ports XLXN_38]
endgroup
startgroup
set_property package_pin P95 [get_ports XLXN_26]
endgroup
startgroup
set_property package_pin P94 [get_ports XLXN_31]
endgroup
startgroup
set_property package_pin P93 [get_ports XLXN_32]
endgroup
startgroup
set_property package_pin P92 [get_ports XLXN_33]
endgroup
startgroup
set_property package_pin P88 [get_ports XLXN_34]
endgroup
startgroup
set_property package_pin P87 [get_ports XLXN_35]
endgroup
startgroup
set_property package_pin P85 [get_ports XLXN_36]
endgroup
startgroup
set_property package_pin P84 [get_ports XLXN_39]
endgroup
save_constraints
