--------------------------------------------------------------------------------
Release 14.7 Trace  (nt64)
Copyright (c) 1995-2013 Xilinx, Inc.  All rights reserved.

D:\XilinxNotVM\14.7\ISE_DS\ISE\bin\nt64\unwrapped\trce.exe -intstyle ise -v 3
-s 3 -n 3 -fastpaths -xml lab9.twx lab9.ncd -o lab9.twr lab9.pcf -ucf lab9.ucf

Design file:              lab9.ncd
Physical constraint file: lab9.pcf
Device,package,speed:     xc6slx9,tqg144,C,-3 (PRODUCTION 1.23 2013-10-13)
Report level:             verbose report

Environment Variable      Effect 
--------------------      ------ 
NONE                      No environment variables were set
--------------------------------------------------------------------------------

INFO:Timing:2698 - No timing constraints found, doing default enumeration.
INFO:Timing:3412 - To improve timing, see the Timing Closure User Guide (UG612).
INFO:Timing:2752 - To get complete path coverage, use the unconstrained paths 
   option. All paths that are not constrained will be reported in the 
   unconstrained paths section(s) of the report.
INFO:Timing:3339 - The clock-to-out numbers in this timing report are based on 
   a 50 Ohm transmission line loading model.  For the details of this model, 
   and for more information on accounting for different loading conditions, 
   please see the device datasheet.



Data Sheet report:
-----------------
All values displayed in nanoseconds (ns)

Clock swP47 to Pad
------------+-----------------+------------+-----------------+------------+------------------+--------+
            |Max (slowest) clk|  Process   |Min (fastest) clk|  Process   |                  | Clock  |
Destination |  (edge) to PAD  |   Corner   |  (edge) to PAD  |   Corner   |Internal Clock(s) | Phase  |
------------+-----------------+------------+-----------------+------------+------------------+--------+
LEDP79      |         9.240(R)|      SLOW  |         5.340(R)|      FAST  |swP47_IBUF        |   0.000|
LEDP80      |         9.316(R)|      SLOW  |         5.381(R)|      FAST  |swP47_IBUF        |   0.000|
LEDP81      |         9.493(R)|      SLOW  |         5.439(R)|      FAST  |swP47_IBUF        |   0.000|
LEDP82      |         9.576(R)|      SLOW  |         5.462(R)|      FAST  |swP47_IBUF        |   0.000|
aP41        |        13.757(R)|      SLOW  |         7.333(R)|      FAST  |swP47_IBUF        |   0.000|
bP40        |        13.777(R)|      SLOW  |         7.230(R)|      FAST  |swP47_IBUF        |   0.000|
cP35        |        13.799(R)|      SLOW  |         7.149(R)|      FAST  |swP47_IBUF        |   0.000|
dP34        |        13.754(R)|      SLOW  |         7.318(R)|      FAST  |swP47_IBUF        |   0.000|
eP32        |        13.491(R)|      SLOW  |         6.989(R)|      FAST  |swP47_IBUF        |   0.000|
fP29        |        12.779(R)|      SLOW  |         6.713(R)|      FAST  |swP47_IBUF        |   0.000|
gP27        |        12.896(R)|      SLOW  |         6.643(R)|      FAST  |swP47_IBUF        |   0.000|
------------+-----------------+------------+-----------------+------------+------------------+--------+

Clock to Setup on destination clock oscP123
---------------+---------+---------+---------+---------+
               | Src:Rise| Src:Fall| Src:Rise| Src:Fall|
Source Clock   |Dest:Rise|Dest:Rise|Dest:Fall|Dest:Fall|
---------------+---------+---------+---------+---------+
oscP123        |    0.873|         |         |         |
---------------+---------+---------+---------+---------+

Clock to Setup on destination clock swP47
---------------+---------+---------+---------+---------+
               | Src:Rise| Src:Fall| Src:Rise| Src:Fall|
Source Clock   |Dest:Rise|Dest:Rise|Dest:Fall|Dest:Fall|
---------------+---------+---------+---------+---------+
swP47          |    2.703|         |         |         |
---------------+---------+---------+---------+---------+

Pad to Pad
---------------+---------------+---------+
Source Pad     |Destination Pad|  Delay  |
---------------+---------------+---------+
A<0>           |aP41           |   13.533|
A<0>           |bP40           |   13.652|
A<0>           |cP35           |   13.674|
A<0>           |dP34           |   13.453|
A<0>           |eP32           |   13.366|
A<0>           |fP29           |   12.435|
A<0>           |gP27           |   12.411|
A<1>           |aP41           |   13.121|
A<1>           |bP40           |   13.240|
A<1>           |cP35           |   13.262|
A<1>           |dP34           |   13.041|
A<1>           |eP32           |   12.954|
A<1>           |fP29           |   12.023|
A<1>           |gP27           |   11.999|
A<2>           |aP41           |   12.974|
A<2>           |bP40           |   13.093|
A<2>           |cP35           |   13.115|
A<2>           |dP34           |   12.894|
A<2>           |eP32           |   12.807|
A<2>           |fP29           |   11.876|
A<2>           |gP27           |   11.852|
A<3>           |aP41           |   13.126|
A<3>           |bP40           |   13.245|
A<3>           |cP35           |   13.267|
A<3>           |dP34           |   13.046|
A<3>           |eP32           |   12.959|
A<3>           |fP29           |   12.028|
A<3>           |gP27           |   12.004|
A<4>           |aP41           |   13.461|
A<4>           |bP40           |   13.580|
A<4>           |cP35           |   13.602|
A<4>           |dP34           |   13.381|
A<4>           |eP32           |   13.294|
A<4>           |fP29           |   12.480|
A<4>           |gP27           |   12.468|
A<5>           |aP41           |   12.881|
A<5>           |bP40           |   13.000|
A<5>           |cP35           |   13.022|
A<5>           |dP34           |   12.801|
A<5>           |eP32           |   12.714|
A<5>           |fP29           |   11.755|
A<5>           |gP27           |   11.697|
A<6>           |aP41           |   12.654|
A<6>           |bP40           |   12.583|
A<6>           |cP35           |   12.419|
A<6>           |dP34           |   12.651|
A<6>           |eP32           |   12.162|
A<6>           |fP29           |   11.798|
A<6>           |gP27           |   11.793|
A<7>           |aP41           |   12.071|
A<7>           |bP40           |   12.055|
A<7>           |cP35           |   12.041|
A<7>           |dP34           |   12.015|
A<7>           |eP32           |   11.753|
A<7>           |fP29           |   11.492|
A<7>           |gP27           |   11.088|
B1<0>          |aP41           |   13.595|
B1<0>          |bP40           |   13.734|
B1<0>          |cP35           |   13.736|
B1<0>          |dP34           |   13.515|
B1<0>          |eP32           |   13.428|
B1<0>          |fP29           |   12.469|
B1<0>          |gP27           |   12.174|
B1<1>          |aP41           |   13.505|
B1<1>          |bP40           |   13.644|
B1<1>          |cP35           |   13.646|
B1<1>          |dP34           |   13.425|
B1<1>          |eP32           |   13.338|
B1<1>          |fP29           |   12.400|
B1<1>          |gP27           |   12.376|
B1<2>          |aP41           |   13.377|
B1<2>          |bP40           |   13.516|
B1<2>          |cP35           |   13.518|
B1<2>          |dP34           |   13.297|
B1<2>          |eP32           |   13.210|
B1<2>          |fP29           |   12.261|
B1<2>          |gP27           |   12.237|
B1<3>          |aP41           |   13.756|
B1<3>          |bP40           |   13.875|
B1<3>          |cP35           |   13.897|
B1<3>          |dP34           |   13.676|
B1<3>          |eP32           |   13.589|
B1<3>          |fP29           |   12.658|
B1<3>          |gP27           |   12.634|
B1<4>          |aP41           |   13.775|
B1<4>          |bP40           |   13.938|
B1<4>          |cP35           |   13.916|
B1<4>          |dP34           |   13.695|
B1<4>          |eP32           |   13.608|
B1<4>          |fP29           |   12.794|
B1<4>          |gP27           |   12.782|
B1<5>          |aP41           |   13.712|
B1<5>          |bP40           |   13.831|
B1<5>          |cP35           |   13.853|
B1<5>          |dP34           |   13.632|
B1<5>          |eP32           |   13.545|
B1<5>          |fP29           |   12.799|
B1<5>          |gP27           |   12.771|
B1<6>          |aP41           |   13.539|
B1<6>          |bP40           |   13.468|
B1<6>          |cP35           |   13.304|
B1<6>          |dP34           |   13.536|
B1<6>          |eP32           |   13.047|
B1<6>          |fP29           |   12.683|
B1<6>          |gP27           |   12.678|
B1<7>          |aP41           |   13.241|
B1<7>          |bP40           |   13.225|
B1<7>          |cP35           |   13.211|
B1<7>          |dP34           |   13.185|
B1<7>          |eP32           |   12.923|
B1<7>          |fP29           |   12.662|
B1<7>          |gP27           |   12.258|
---------------+---------------+---------+


Analysis completed Tue Nov 13 22:04:34 2018 
--------------------------------------------------------------------------------

Trace Settings:
-------------------------
Trace Settings 

Peak Memory Usage: 4572 MB



