#-----------------------------------------------------------
# PlanAhead v14.7
# Build 321239 by xbuild on Fri Sep 27 19:31:35 MDT 2013
# Start of session at: Fri Oct 12 02:00:02 2018
# Process ID: 15756
# Log file: D:/XilinxNotVM/Project/lab5/planAhead_run_1/planAhead.log
# Journal file: D:/XilinxNotVM/Project/lab5/planAhead_run_1/planAhead.jou
#-----------------------------------------------------------
start_gui
source D:/XilinxNotVM/Project/lab5/pa.fromHdl.tcl
update_compile_order -fileset sim_1
startgroup
set_property package_pin P41 [get_ports aP41]
endgroup
startgroup
set_property package_pin P59 [get_ports ASW3P59]
endgroup
startgroup
set_property package_pin P40 [get_ports bP40]
endgroup
startgroup
set_property package_pin P61 [get_ports BSW2P61]
endgroup
startgroup
set_property package_pin P35 [get_ports cP35]
endgroup
startgroup
set_property package_pin P62 [get_ports CSW1P62]
endgroup
startgroup
set_property package_pin P34 [get_ports dP34]
endgroup
startgroup
set_property package_pin P66 [get_ports DSW0P66]
endgroup
startgroup
set_property package_pin P32 [get_ports eP32]
endgroup
startgroup
set_property package_pin P29 [get_ports fP29]
endgroup
startgroup
set_property package_pin P27 [get_ports gP27]
endgroup
save_constraints
