#-----------------------------------------------------------
# PlanAhead v14.7
# Build 321239 by xbuild on Fri Sep 27 19:31:35 MDT 2013
# Start of session at: Thu Nov 29 14:17:14 2018
# Process ID: 18340
# Log file: D:/XilinxNotVM/Project/testlab2/planAhead_run_1/planAhead.log
# Journal file: D:/XilinxNotVM/Project/testlab2/planAhead_run_1/planAhead.jou
#-----------------------------------------------------------
start_gui
source D:/XilinxNotVM/Project/testlab2/pa.fromHdl.tcl
update_compile_order -fileset sim_1
startgroup
set_property package_pin P58 [get_ports XLXN_5]
endgroup
startgroup
set_property package_pin P57 [get_ports XLXN_6]
endgroup
startgroup
set_property package_pin P56 [get_ports XLXN_7]
endgroup
startgroup
set_property package_pin P55 [get_ports XLXN_8]
endgroup
startgroup
set_property package_pin P66 [get_ports XLXN_9]
endgroup
startgroup
set_property package_pin P62 [get_ports XLXN_10]
endgroup
startgroup
set_property package_pin P61 [get_ports XLXN_11]
endgroup
startgroup
set_property package_pin P59 [get_ports XLXN_12]
endgroup
startgroup
set_property package_pin P82 [get_ports XLXN_13]
endgroup
startgroup
set_property package_pin P81 [get_ports XLXN_14]
endgroup
startgroup
set_property package_pin P80 [get_ports XLXN_15]
endgroup
startgroup
set_property package_pin P79 [get_ports XLXN_16]
endgroup
save_constraints
